query: using JPIS http://localhost:10000

Conditions:
	http://egee.cesnet.cz/en/Schema/LB/Attributes:finalStatus
		== Done
		== Ready
	http://egee.cesnet.cz/en/Schema/LB/Attributes:user
		<> God
Attributes:
	http://egee.cesnet.cz/en/Schema/JP/System:owner
	http://egee.cesnet.cz/en/Schema/JP/System:jobId
	http://egee.cesnet.cz/en/Schema/LB/Attributes:finalStatus
	http://egee.cesnet.cz/en/Schema/LB/Attributes:user

OK
Result 2 jobs:
	jobid = https://localhost:7846/pokus1, owner = (null)
		http://egee.cesnet.cz/en/Schema/LB/Attributes:finalStatus
			value = Done
			origin = 0, (null)
			time = Thu Jan  1 01:00:00 1970
		http://egee.cesnet.cz/en/Schema/LB/Attributes:user
			value = CertSubj
			origin = 0, (null)
			time = Thu Jan  1 01:00:00 1970
	jobid = https://localhost:7846/pokus2, owner = (null)
		http://egee.cesnet.cz/en/Schema/LB/Attributes:finalStatus
			value = Ready
			origin = 0, (null)
			time = Thu Jan  1 01:00:00 1970
		http://egee.cesnet.cz/en/Schema/LB/Attributes:user
			value = CertSubj
			origin = 0, (null)
			time = Thu Jan  1 01:00:00 1970
