query: using JPIS http://localhost:8902

Conditions:
	http://egee.cesnet.cz/en/Schema/LB/Attributes:finalStatus
		== Ready
Attributes:
	http://egee.cesnet.cz/en/Schema/JP/System:owner
	http://egee.cesnet.cz/en/Schema/JP/System:jobId
	http://egee.cesnet.cz/en/Schema/LB/Attributes:finalStatus
	http://egee.cesnet.cz/en/Schema/LB/Attributes:user

OK
Result 1 jobs:
	jobid = https://localhost:7846/pokus2, owner = (null)
		http://egee.cesnet.cz/en/Schema/LB/Attributes:finalStatus
			value = Ready
			origin = 0, (null)
			time = Thu Jan  1 01:00:00 1970
		http://egee.cesnet.cz/en/Schema/LB/Attributes:user
			value = CertSubj
			origin = 0, (null)
			time = Thu Jan  1 01:00:00 1970
